1
4
4
Door to restroom
There's a note posted on the door.
0
1
1
0
0
0
1
note
1
The note reads: "This is the door to the restroom, it is locked. Muaahhahha." What a cruel man ):<
0
0
Desk 1
An enormous desk spans this room. There is a computer on the desk.
0
1
1
1
0
0
1
computer
1
It's an old computer.
1
It makes a lot of noise. It boots to Windows XP.
0
Desk 2
Gauss left many notes in this floor. There's one here on his desk.
0
1
1
1
0
0
1
note
1
The note reads: "As you may know, Pierce, tests are made here, nothing to hide. However, my test subjects need to have at least a bit of intelligence, it is your work to find a way out, good luck."
0
0
Bookshelf 1
Gauss sure reads a lot. Let's see what he left in here.
0
1
0
1
0
0
1
book
1
This book has no name, surely my gun is hiden here. HAHA! Nevermind, just a Twilight ripoff.
0
0
Door to Outside
There's a door here that leads outside. I can tell because the door has "outside" written on it.
1
1
1
0
0
0
1
mini-door
1
That's a really small door. It was probably made for Fido. Maybe I can fit throught it? Nah, not possible.
1
I can't go through here.
0
Carpet room
The room's floor is covered by carpet. The pattern on the carpet is somehow familiar.
1
1
1
1
0
0
1
carpet
1
Upon further inspection you notice the pattern on the carpet is a representation of Fibonnacci's sequence! That brings back memories.
0
0
Fridge room
There is a random fridge in the middle of this room.
1
1
1
1
0
0
1
fridge
1
It's a small fridge.
1
It contains a bottle of water. But it's emtpy! If I don't find a way out of here I will die!
0
Bookshelf 2
This seems to hold fiction novels. There's a door here that leads outside. I can tell because the door has "outside" written on it.
1
1
0
1
1
0
0
0
1
1984
1
Reminds me that I never read it in high-school.
1
Nothing intresting happened.
0
Closet
A closet in here. I have no need for a closet, I only have on change of clothes!
1
1
1
0
0
0
1
closet
1
It's empty, but for a bunch of hangers. Perhaps he is trying to tell me something...
0
0
Bed room 1
Here's a bed. Looks comfy. If I had basic living-resources I wouldn't mind spending my vacations here.
1
1
1
1
0
1
clothes
What's inside this box underneath the bed? WOW! WHAT A COOL TRENCH COAT AND SUNGLASSES.
1
1
bed
1
It's a comfy-looking bed.
1
*jumps on bed* Not as fun as when I was a child
0
Empty Room
This room is empty, except for a rocking chair.
1
1
1
1
0
0
1
chair
1
It's a rocking chair.
1
*sits on chair and begins moving* WHEEEEEEEE!
0
Bookshelf 3
A section for personal books. So he's an author, huh.
1
1
0
1
0
0
1
book
1
"Sonic and Me: A Love Story Part 1" AND IT'S 200 PAGES LONG. He is a VERY weird guy.
0
0
Windowed room
You can almost taste your freedom.
1
0
1
0
0
0
1
window
1
 can see outside a bit. CARCACHAMOBILE! There you are. Don't worry baby, we'll be together soon.
0
0
Bed 2
I really hope this is not Gauss' bed. That would be strange
1
0
1
1
0
0
1
pillow
1
Under the pillow you find a 500-peso bill. t has Benito Juarez printed on
0
1
You wake up in an enourmous room where there are no blocked passageways, and you are free to move, somehow is as big as the dimensions of the basement. Apparently you have nohing of your stuff, how sad... PIERCE, CONCENTRATE, okay, first you need to find a way out.
Bureau
There is an alarm clock here.
1
0
1
1
0
0
1
clock
1
It only gets signal from "La Sabrosita"... not into that type of music, but, how does the signal got here?
0
0
Music Spot
This looks like a music room. There is an acustic guitar hanging up from the wall.
1
0
0
1
0
0
1
guitar
1
*Plays Anarchy in the U.K.* "Gracias totales"
0
0
