2
2
2
First room
You are in a normal-looking room
0
0
1
0
0
0
1
sign
1
The sign reads: Welcome to the test map!
0
0
Second Room
An evil aura emmantes from the south of the room
0
1
0
1
0
1
key
from the corner of your eye, you notice a shiny key
1
0
0
Fourth Room
The room is empty, except for a large staricase inn the center of the room
0
0
1
0
1
1
0
0
0
0
Third room
The room is dark. Simply being in this room raises your heartbeat.
1
0
0
1
0
1
katana
You barely manage to notice a shiny sword in a corner of the room. It feels evil.
1
0
1
AGARRA LA ESPADA! HUEVOS XD
kitchen
This seems to be a kitchen, there are stoves and pot scattered all over the room, nothings seems like it is in usable condition
0
1
1
0
0
0
0
1
VAMOS A HACER HUEVITO
Living Room
This looks like a living room. There are couches and a centertable, not much else is immediatly obvious.
0
1
0
1
0
0
0
0
Dusty Room
You cough as you enter this room. There is dust and spiderwebs everywhere!
1
0
0
0
1
0
1
0
0
0
Throphy room
Congratulations! you have reached the end of the test map!
1
0
0
0
0
0
1
Throphy
1
It's shiny
1
Thanks for playing!
1
QUIEN CHINGADOS PUSO EL TROFEO AQUI?
